// Jest Snapshot v1, https://goo.gl/fbAQLP

exports[`Component Imports should import all components without errors snapShot 1`] = `[Function]`;

exports[`Component Imports should import all components without errors snapShot 2`] = `[Function]`;

exports[`Component Imports should import all components without errors snapShot 3`] = `[Function]`;

exports[`Component Imports should import all components without errors snapShot 4`] = `[Function]`;

exports[`Component Imports should import all components without errors snapShot 5`] = `[Function]`;

exports[`Component Imports should import all components without errors snapShot 6`] = `[Function]`;
