// Jest Snapshot v1, https://goo.gl/fbAQLP

exports[`CreatePromptPage should redirect to login (unauthenticated) 1`] = `undefined`;

exports[`CreatePromptPage should render CreatePromptPage Component 1`] = `[Function]`;

exports[`CreatePromptPage should render the prompt form (authenticated) 1`] = `
<form
  class="mt-10 w-full max-w-2xl   flex flex-col gap-7 glassmorphism shadow-xl"
  role="form"
>
  <label>
    <span
      class="font-satoshi font-semibold text-base text-gray-700"
    >
      Your AI Prompt
      <textarea
        class="form_textarea"
        placeholder=""
        required=""
      />
    </span>
  </label>
  <label>
    <span
      class="font-satoshi font-semibold text-base text-gray-700"
    >
      Field of Prompt
       
      <span
        class="font-normal"
      >
        (#Product, #Webdevelopment, #Idea, etc.)
      </span>
    </span>
    <input
      class="form_input"
      placeholder="#Tag"
      required=""
      type="text"
      value=""
    />
  </label>
  <div
    class="flex-end mx-3 mb-5 gap-4"
  >
    <a
      class="text-gray-500 text-sm"
      href="/"
    >
      Cancel
    </a>
    <button
      class="px-5 py-1.5 text-sm   bg-primary-orange rounded-full text-white"
      type="submit"
    >
      Create
    </button>
  </div>
</form>
`;
